/opt/conda/lib/python3.10/site-packages/torch/nn/modules/transformer.py:282: UserWarning: enable_nested_tensor is True, but self.use_nested_tensor is False because encoder_layer.norm_first was True
  warnings.warn(f"enable_nested_tensor is True, but self.use_nested_tensor is False because {why_not_sparsity_fast_path}")
device: cuda
load_sequences(/workspace/project/SeqGAN/app_usage_shanghai/../../data/app_usage/shanghai/derived/mobility_train.csv): kept 1543 complete sequences
Stage 1: MLE pretraining generator...
pretrain_g epoch 0 loss 5.4559 (0.3s elapsed)
pretrain_g epoch 1 loss 4.5279 (0.4s elapsed)
pretrain_g epoch 2 loss 3.9134 (0.5s elapsed)
pretrain_g epoch 3 loss 3.4483 (0.6s elapsed)
pretrain_g epoch 4 loss 3.0871 (0.7s elapsed)
pretrain_g epoch 5 loss 2.8032 (0.8s elapsed)
pretrain_g epoch 6 loss 2.5849 (0.9s elapsed)
pretrain_g epoch 7 loss 2.4181 (1.0s elapsed)
pretrain_g epoch 8 loss 2.2860 (1.1s elapsed)
pretrain_g epoch 9 loss 2.1830 (1.2s elapsed)
pretrain_g epoch 10 loss 2.0980 (1.3s elapsed)
pretrain_g epoch 11 loss 2.0240 (1.4s elapsed)
pretrain_g epoch 12 loss 1.9683 (1.5s elapsed)
pretrain_g epoch 13 loss 1.9198 (1.6s elapsed)
pretrain_g epoch 14 loss 1.8782 (1.7s elapsed)
pretrain_g epoch 15 loss 1.8476 (1.8s elapsed)
pretrain_g epoch 16 loss 1.8158 (1.8s elapsed)
pretrain_g epoch 17 loss 1.7835 (1.9s elapsed)
pretrain_g epoch 18 loss 1.7579 (2.0s elapsed)
pretrain_g epoch 19 loss 1.7403 (2.1s elapsed)
pretrain_g epoch 20 loss 1.7174 (2.2s elapsed)
pretrain_g epoch 21 loss 1.6957 (2.3s elapsed)
pretrain_g epoch 22 loss 1.6774 (2.4s elapsed)
pretrain_g epoch 23 loss 1.6621 (2.5s elapsed)
pretrain_g epoch 24 loss 1.6449 (2.6s elapsed)
pretrain_g epoch 25 loss 1.6321 (2.7s elapsed)
pretrain_g epoch 26 loss 1.6162 (2.8s elapsed)
pretrain_g epoch 27 loss 1.5975 (2.9s elapsed)
pretrain_g epoch 28 loss 1.5877 (3.0s elapsed)
pretrain_g epoch 29 loss 1.5718 (3.1s elapsed)
Saved MLE-pretrained generator to /workspace/project/SeqGAN/app_usage_shanghai/save/generator_pretrain.pt
Stage 2: pretraining discriminator...
pretrain_d round 0 d_loss 0.6607 (5.8s elapsed)
pretrain_d round 1 d_loss 0.5597 (8.4s elapsed)
pretrain_d round 2 d_loss 0.3440 (11.0s elapsed)
pretrain_d round 3 d_loss 0.1861 (13.5s elapsed)
pretrain_d round 4 d_loss 0.1185 (16.0s elapsed)
pretrain_d round 5 d_loss 0.0882 (18.6s elapsed)
pretrain_d round 6 d_loss 0.0747 (21.3s elapsed)
pretrain_d round 7 d_loss 0.0695 (24.2s elapsed)
pretrain_d round 8 d_loss 0.0656 (27.0s elapsed)
pretrain_d round 9 d_loss 0.0638 (29.9s elapsed)
pretrain_d round 10 d_loss 0.0621 (32.7s elapsed)
pretrain_d round 11 d_loss 0.0594 (35.3s elapsed)
pretrain_d round 12 d_loss 0.0566 (37.8s elapsed)
pretrain_d round 13 d_loss 0.0581 (40.4s elapsed)
pretrain_d round 14 d_loss 0.0564 (43.0s elapsed)
pretrain_d round 15 d_loss 0.0574 (45.6s elapsed)
pretrain_d round 16 d_loss 0.0529 (48.2s elapsed)
pretrain_d round 17 d_loss 0.0554 (51.0s elapsed)
pretrain_d round 18 d_loss 0.0509 (53.8s elapsed)
pretrain_d round 19 d_loss 0.0538 (56.7s elapsed)
Stage 3: adversarial training...
adv round 0 g_loss 0.2278 mean_reward 0.0126 d_loss 0.0563 (65.0s elapsed)
adv round 1 g_loss 0.3304 mean_reward 0.0202 d_loss nan (71.0s elapsed)
adv round 2 g_loss 0.3895 mean_reward 0.0155 d_loss nan (77.2s elapsed)
adv round 3 g_loss 0.3270 mean_reward 0.0247 d_loss nan (83.3s elapsed)
adv round 4 g_loss 0.3469 mean_reward 0.0273 d_loss nan (89.5s elapsed)
adv round 5 g_loss 0.5243 mean_reward 0.0285 d_loss 0.0668 (97.9s elapsed)
adv round 6 g_loss 0.3144 mean_reward 0.0163 d_loss nan (104.0s elapsed)
adv round 7 g_loss 0.2669 mean_reward 0.0179 d_loss nan (110.2s elapsed)
adv round 8 g_loss 0.2907 mean_reward 0.0171 d_loss nan (116.3s elapsed)
adv round 9 g_loss 0.2682 mean_reward 0.0181 d_loss nan (122.4s elapsed)
adv round 10 g_loss 0.3568 mean_reward 0.0216 d_loss 0.0644 (130.5s elapsed)
adv round 11 g_loss 0.4364 mean_reward 0.0264 d_loss nan (136.6s elapsed)
adv round 12 g_loss 0.2883 mean_reward 0.0293 d_loss nan (142.7s elapsed)
adv round 13 g_loss 0.2928 mean_reward 0.0269 d_loss nan (148.9s elapsed)
adv round 14 g_loss 0.4815 mean_reward 0.0271 d_loss nan (154.9s elapsed)
adv round 15 g_loss 0.3736 mean_reward 0.0284 d_loss 0.0743 (163.2s elapsed)
adv round 16 g_loss 0.1988 mean_reward 0.0185 d_loss nan (169.3s elapsed)
adv round 17 g_loss 0.2095 mean_reward 0.0225 d_loss nan (175.3s elapsed)
adv round 18 g_loss 0.1836 mean_reward 0.0263 d_loss nan (181.4s elapsed)
adv round 19 g_loss 0.2030 mean_reward 0.0219 d_loss nan (187.5s elapsed)
adv round 20 g_loss 0.2045 mean_reward 0.0267 d_loss 0.0716 (195.7s elapsed)
adv round 21 g_loss 0.1351 mean_reward 0.0194 d_loss nan (201.7s elapsed)
adv round 22 g_loss 0.1456 mean_reward 0.0191 d_loss nan (207.8s elapsed)
adv round 23 g_loss 0.1997 mean_reward 0.0196 d_loss nan (213.8s elapsed)
adv round 24 g_loss 0.1616 mean_reward 0.0178 d_loss nan (219.9s elapsed)
adv round 25 g_loss 0.1447 mean_reward 0.0186 d_loss 0.0765 (228.1s elapsed)
adv round 26 g_loss 0.4988 mean_reward 0.0427 d_loss nan (234.1s elapsed)
adv round 27 g_loss 0.4683 mean_reward 0.0409 d_loss nan (240.2s elapsed)
adv round 28 g_loss 0.6141 mean_reward 0.0415 d_loss nan (246.2s elapsed)
adv round 29 g_loss 0.3758 mean_reward 0.0325 d_loss nan (252.2s elapsed)
adv round 30 g_loss 0.5333 mean_reward 0.0453 d_loss 0.0795 (260.3s elapsed)
adv round 31 g_loss 0.3658 mean_reward 0.0300 d_loss nan (266.3s elapsed)
adv round 32 g_loss 0.3001 mean_reward 0.0312 d_loss nan (272.4s elapsed)
adv round 33 g_loss 0.3310 mean_reward 0.0322 d_loss nan (278.4s elapsed)
adv round 34 g_loss 0.3498 mean_reward 0.0330 d_loss nan (284.4s elapsed)
adv round 35 g_loss 0.2207 mean_reward 0.0225 d_loss 0.0763 (292.5s elapsed)
adv round 36 g_loss 0.2591 mean_reward 0.0356 d_loss nan (298.6s elapsed)
adv round 37 g_loss 0.2120 mean_reward 0.0218 d_loss nan (304.6s elapsed)
adv round 38 g_loss 0.2170 mean_reward 0.0247 d_loss nan (310.7s elapsed)
adv round 39 g_loss 0.2717 mean_reward 0.0265 d_loss nan (316.8s elapsed)
adv round 40 g_loss 0.1306 mean_reward 0.0161 d_loss 0.0747 (325.1s elapsed)
adv round 41 g_loss 0.3050 mean_reward 0.0303 d_loss nan (331.3s elapsed)
adv round 42 g_loss 0.3031 mean_reward 0.0323 d_loss nan (337.3s elapsed)
adv round 43 g_loss 0.3167 mean_reward 0.0252 d_loss nan (343.3s elapsed)
adv round 44 g_loss 0.4869 mean_reward 0.0380 d_loss nan (349.3s elapsed)
adv round 45 g_loss 0.4148 mean_reward 0.0300 d_loss 0.0790 (357.5s elapsed)
adv round 46 g_loss 0.1407 mean_reward 0.0191 d_loss nan (363.5s elapsed)
adv round 47 g_loss 0.2349 mean_reward 0.0286 d_loss nan (369.5s elapsed)
adv round 48 g_loss 0.1939 mean_reward 0.0283 d_loss nan (375.5s elapsed)
adv round 49 g_loss 0.2842 mean_reward 0.0299 d_loss nan (381.5s elapsed)
adv round 50 g_loss 0.2851 mean_reward 0.0414 d_loss 0.0808 (389.6s elapsed)
adv round 51 g_loss 0.3734 mean_reward 0.0411 d_loss nan (395.6s elapsed)
adv round 52 g_loss 0.4160 mean_reward 0.0458 d_loss nan (401.7s elapsed)
adv round 53 g_loss 0.2974 mean_reward 0.0379 d_loss nan (407.7s elapsed)
adv round 54 g_loss 0.2443 mean_reward 0.0353 d_loss nan (413.7s elapsed)
adv round 55 g_loss 0.2082 mean_reward 0.0386 d_loss 0.0845 (421.9s elapsed)
adv round 56 g_loss 0.3320 mean_reward 0.0405 d_loss nan (427.9s elapsed)
adv round 57 g_loss 0.3137 mean_reward 0.0360 d_loss nan (433.9s elapsed)
adv round 58 g_loss 0.4146 mean_reward 0.0411 d_loss nan (439.9s elapsed)
adv round 59 g_loss 0.2808 mean_reward 0.0292 d_loss nan (446.0s elapsed)
adv round 60 g_loss 0.2863 mean_reward 0.0369 d_loss 0.0797 (454.1s elapsed)
adv round 61 g_loss 0.2365 mean_reward 0.0379 d_loss nan (460.1s elapsed)
adv round 62 g_loss 0.2597 mean_reward 0.0319 d_loss nan (466.2s elapsed)
adv round 63 g_loss 0.2863 mean_reward 0.0346 d_loss nan (472.2s elapsed)
adv round 64 g_loss 0.2550 mean_reward 0.0369 d_loss nan (478.3s elapsed)
adv round 65 g_loss 0.2768 mean_reward 0.0398 d_loss 0.0872 (486.4s elapsed)
adv round 66 g_loss 0.3351 mean_reward 0.0307 d_loss nan (492.4s elapsed)
adv round 67 g_loss 0.2031 mean_reward 0.0310 d_loss nan (498.4s elapsed)
adv round 68 g_loss 0.2759 mean_reward 0.0307 d_loss nan (504.4s elapsed)
adv round 69 g_loss 0.3579 mean_reward 0.0343 d_loss nan (510.4s elapsed)
adv round 70 g_loss 0.3956 mean_reward 0.0320 d_loss 0.0875 (518.5s elapsed)
adv round 71 g_loss 0.2093 mean_reward 0.0295 d_loss nan (524.5s elapsed)
adv round 72 g_loss 0.1482 mean_reward 0.0264 d_loss nan (530.5s elapsed)
adv round 73 g_loss 0.2137 mean_reward 0.0307 d_loss nan (536.5s elapsed)
adv round 74 g_loss 0.2917 mean_reward 0.0289 d_loss nan (542.5s elapsed)
adv round 75 g_loss 0.1981 mean_reward 0.0326 d_loss 0.0879 (550.6s elapsed)
adv round 76 g_loss 0.4551 mean_reward 0.0538 d_loss nan (556.5s elapsed)
adv round 77 g_loss 0.4682 mean_reward 0.0467 d_loss nan (562.4s elapsed)
adv round 78 g_loss 0.5733 mean_reward 0.0586 d_loss nan (568.4s elapsed)
adv round 79 g_loss 0.4669 mean_reward 0.0592 d_loss nan (574.4s elapsed)
adv round 80 g_loss 0.2722 mean_reward 0.0420 d_loss 0.0874 (582.5s elapsed)
adv round 81 g_loss 0.3188 mean_reward 0.0435 d_loss nan (588.5s elapsed)
adv round 82 g_loss 0.2288 mean_reward 0.0322 d_loss nan (594.5s elapsed)
adv round 83 g_loss 0.2639 mean_reward 0.0465 d_loss nan (600.5s elapsed)
adv round 84 g_loss 0.2306 mean_reward 0.0401 d_loss nan (606.5s elapsed)
adv round 85 g_loss 0.2850 mean_reward 0.0395 d_loss 0.0803 (614.6s elapsed)
adv round 86 g_loss 0.2673 mean_reward 0.0317 d_loss nan (620.6s elapsed)
adv round 87 g_loss 0.2793 mean_reward 0.0345 d_loss nan (626.6s elapsed)
adv round 88 g_loss 0.2170 mean_reward 0.0310 d_loss nan (632.7s elapsed)
adv round 89 g_loss 0.3310 mean_reward 0.0329 d_loss nan (638.7s elapsed)
adv round 90 g_loss 0.2505 mean_reward 0.0319 d_loss 0.0831 (647.0s elapsed)
adv round 91 g_loss 0.2441 mean_reward 0.0271 d_loss nan (653.0s elapsed)
adv round 92 g_loss 0.3015 mean_reward 0.0368 d_loss nan (659.1s elapsed)
adv round 93 g_loss 0.2732 mean_reward 0.0287 d_loss nan (665.1s elapsed)
adv round 94 g_loss 0.3411 mean_reward 0.0370 d_loss nan (671.2s elapsed)
adv round 95 g_loss 0.3443 mean_reward 0.0422 d_loss 0.0870 (679.4s elapsed)
adv round 96 g_loss 0.2833 mean_reward 0.0446 d_loss nan (685.4s elapsed)
adv round 97 g_loss 0.2938 mean_reward 0.0362 d_loss nan (691.4s elapsed)
adv round 98 g_loss 0.3218 mean_reward 0.0425 d_loss nan (697.4s elapsed)
adv round 99 g_loss 0.3008 mean_reward 0.0487 d_loss nan (703.4s elapsed)
Saved checkpoints to /workspace/project/SeqGAN/app_usage_shanghai/save
