/opt/conda/lib/python3.10/site-packages/torch/nn/modules/transformer.py:282: UserWarning: enable_nested_tensor is True, but self.use_nested_tensor is False because encoder_layer.norm_first was True
  warnings.warn(f"enable_nested_tensor is True, but self.use_nested_tensor is False because {why_not_sparsity_fast_path}")
device: cuda
load_sequences(/workspace/project/SeqGAN/shanghai/../../data/shanghai/mobility_train.csv): kept 10013 complete sequences
Stage 1: MLE pretraining generator...
pretrain_g epoch 0 loss 3.1488 (0.8s elapsed)
pretrain_g epoch 1 loss 1.2518 (1.4s elapsed)
pretrain_g epoch 2 loss 0.6482 (2.0s elapsed)
pretrain_g epoch 3 loss 0.4422 (2.6s elapsed)
pretrain_g epoch 4 loss 0.3635 (3.2s elapsed)
pretrain_g epoch 5 loss 0.3273 (3.9s elapsed)
pretrain_g epoch 6 loss 0.3075 (4.5s elapsed)
pretrain_g epoch 7 loss 0.2949 (5.1s elapsed)
pretrain_g epoch 8 loss 0.2852 (5.7s elapsed)
pretrain_g epoch 9 loss 0.2788 (6.3s elapsed)
pretrain_g epoch 10 loss 0.2735 (6.9s elapsed)
pretrain_g epoch 11 loss 0.2697 (7.5s elapsed)
pretrain_g epoch 12 loss 0.2656 (8.1s elapsed)
pretrain_g epoch 13 loss 0.2630 (8.7s elapsed)
pretrain_g epoch 14 loss 0.2608 (9.3s elapsed)
pretrain_g epoch 15 loss 0.2585 (9.9s elapsed)
pretrain_g epoch 16 loss 0.2569 (10.5s elapsed)
pretrain_g epoch 17 loss 0.2545 (11.1s elapsed)
pretrain_g epoch 18 loss 0.2534 (11.7s elapsed)
pretrain_g epoch 19 loss 0.2518 (12.3s elapsed)
pretrain_g epoch 20 loss 0.2500 (12.9s elapsed)
pretrain_g epoch 21 loss 0.2485 (13.5s elapsed)
pretrain_g epoch 22 loss 0.2471 (14.0s elapsed)
pretrain_g epoch 23 loss 0.2463 (14.6s elapsed)
pretrain_g epoch 24 loss 0.2452 (15.2s elapsed)
pretrain_g epoch 25 loss 0.2434 (15.8s elapsed)
pretrain_g epoch 26 loss 0.2427 (16.4s elapsed)
pretrain_g epoch 27 loss 0.2412 (17.0s elapsed)
pretrain_g epoch 28 loss 0.2404 (17.7s elapsed)
pretrain_g epoch 29 loss 0.2398 (18.3s elapsed)
Saved MLE-pretrained generator to /workspace/project/SeqGAN/shanghai/save/generator_pretrain.pt
Stage 2: pretraining discriminator...
pretrain_d round 0 d_loss 0.6908 (21.0s elapsed)
pretrain_d round 1 d_loss 0.6921 (23.5s elapsed)
pretrain_d round 2 d_loss 0.6876 (26.1s elapsed)
pretrain_d round 3 d_loss 0.6873 (28.7s elapsed)
pretrain_d round 4 d_loss 0.6867 (31.3s elapsed)
pretrain_d round 5 d_loss 0.6867 (33.9s elapsed)
pretrain_d round 6 d_loss 0.6823 (36.5s elapsed)
pretrain_d round 7 d_loss 0.6833 (39.1s elapsed)
pretrain_d round 8 d_loss 0.6857 (41.6s elapsed)
pretrain_d round 9 d_loss 0.6831 (44.2s elapsed)
pretrain_d round 10 d_loss 0.6809 (46.7s elapsed)
pretrain_d round 11 d_loss 0.6800 (49.2s elapsed)
pretrain_d round 12 d_loss 0.6802 (51.8s elapsed)
pretrain_d round 13 d_loss 0.6791 (54.3s elapsed)
pretrain_d round 14 d_loss 0.6750 (56.8s elapsed)
pretrain_d round 15 d_loss 0.6738 (59.4s elapsed)
pretrain_d round 16 d_loss 0.6784 (61.9s elapsed)
pretrain_d round 17 d_loss 0.6729 (64.5s elapsed)
pretrain_d round 18 d_loss 0.6711 (67.0s elapsed)
pretrain_d round 19 d_loss 0.6725 (69.5s elapsed)
Stage 3: adversarial training...
adv round 0 g_loss 3.0588 mean_reward 0.4793 d_loss 0.6804 (76.8s elapsed)
adv round 1 g_loss 3.0789 mean_reward 0.4871 d_loss nan (82.3s elapsed)
adv round 2 g_loss 3.2179 mean_reward 0.4863 d_loss nan (87.9s elapsed)
adv round 3 g_loss 3.3882 mean_reward 0.4694 d_loss nan (93.4s elapsed)
adv round 4 g_loss 2.9435 mean_reward 0.4947 d_loss nan (98.9s elapsed)
adv round 5 g_loss 2.9875 mean_reward 0.4765 d_loss 0.6792 (106.3s elapsed)
adv round 6 g_loss 3.1156 mean_reward 0.4757 d_loss nan (111.8s elapsed)
adv round 7 g_loss 3.4718 mean_reward 0.4856 d_loss nan (117.3s elapsed)
adv round 8 g_loss 2.9239 mean_reward 0.4892 d_loss nan (122.9s elapsed)
adv round 9 g_loss 3.3120 mean_reward 0.4776 d_loss nan (128.3s elapsed)
adv round 10 g_loss 3.0724 mean_reward 0.4825 d_loss 0.6750 (135.8s elapsed)
adv round 11 g_loss 3.1110 mean_reward 0.4607 d_loss nan (141.3s elapsed)
adv round 12 g_loss 2.7284 mean_reward 0.4592 d_loss nan (146.8s elapsed)
adv round 13 g_loss 2.8139 mean_reward 0.4453 d_loss nan (152.2s elapsed)
adv round 14 g_loss 2.7732 mean_reward 0.4524 d_loss nan (157.7s elapsed)
adv round 15 g_loss 2.7221 mean_reward 0.4565 d_loss 0.6799 (165.1s elapsed)
adv round 16 g_loss 3.3249 mean_reward 0.4929 d_loss nan (170.5s elapsed)
adv round 17 g_loss 3.1595 mean_reward 0.4833 d_loss nan (176.0s elapsed)
adv round 18 g_loss 3.1662 mean_reward 0.4935 d_loss nan (181.5s elapsed)
adv round 19 g_loss 3.0200 mean_reward 0.4948 d_loss nan (187.0s elapsed)
adv round 20 g_loss 3.6438 mean_reward 0.5005 d_loss 0.6764 (194.4s elapsed)
adv round 21 g_loss 3.9347 mean_reward 0.4785 d_loss nan (199.8s elapsed)
adv round 22 g_loss 2.6322 mean_reward 0.4733 d_loss nan (205.3s elapsed)
adv round 23 g_loss 2.9602 mean_reward 0.4763 d_loss nan (210.8s elapsed)
adv round 24 g_loss 2.9022 mean_reward 0.4823 d_loss nan (216.2s elapsed)
adv round 25 g_loss 3.4720 mean_reward 0.4777 d_loss 0.6789 (223.6s elapsed)
adv round 26 g_loss 2.9297 mean_reward 0.4725 d_loss nan (229.1s elapsed)
adv round 27 g_loss 2.9205 mean_reward 0.4678 d_loss nan (234.6s elapsed)
adv round 28 g_loss 2.7954 mean_reward 0.4767 d_loss nan (240.1s elapsed)
adv round 29 g_loss 3.1231 mean_reward 0.4677 d_loss nan (245.6s elapsed)
adv round 30 g_loss 2.5246 mean_reward 0.4678 d_loss 0.6764 (253.0s elapsed)
adv round 31 g_loss 3.1326 mean_reward 0.4965 d_loss nan (258.4s elapsed)
adv round 32 g_loss 3.5419 mean_reward 0.4933 d_loss nan (263.8s elapsed)
adv round 33 g_loss 3.3473 mean_reward 0.4967 d_loss nan (269.2s elapsed)
adv round 34 g_loss 3.1700 mean_reward 0.5025 d_loss nan (274.7s elapsed)
adv round 35 g_loss 3.4413 mean_reward 0.4885 d_loss 0.6797 (282.1s elapsed)
adv round 36 g_loss 2.9318 mean_reward 0.4665 d_loss nan (287.5s elapsed)
adv round 37 g_loss 2.7865 mean_reward 0.4656 d_loss nan (293.0s elapsed)
adv round 38 g_loss 2.5820 mean_reward 0.4690 d_loss nan (298.4s elapsed)
adv round 39 g_loss 2.9844 mean_reward 0.4628 d_loss nan (303.9s elapsed)
adv round 40 g_loss 3.0444 mean_reward 0.4740 d_loss 0.6747 (311.3s elapsed)
adv round 41 g_loss 2.8389 mean_reward 0.4756 d_loss nan (316.7s elapsed)
adv round 42 g_loss 2.7624 mean_reward 0.4737 d_loss nan (322.2s elapsed)
adv round 43 g_loss 3.1730 mean_reward 0.4759 d_loss nan (327.7s elapsed)
adv round 44 g_loss 2.8251 mean_reward 0.4814 d_loss nan (333.2s elapsed)
adv round 45 g_loss 3.5540 mean_reward 0.4929 d_loss 0.6727 (340.6s elapsed)
adv round 46 g_loss 3.4876 mean_reward 0.4975 d_loss nan (346.1s elapsed)
adv round 47 g_loss 3.1186 mean_reward 0.4805 d_loss nan (351.6s elapsed)
adv round 48 g_loss 3.2967 mean_reward 0.4805 d_loss nan (357.1s elapsed)
adv round 49 g_loss 2.4189 mean_reward 0.4836 d_loss nan (362.6s elapsed)
adv round 50 g_loss 3.5657 mean_reward 0.4958 d_loss 0.6704 (370.0s elapsed)
adv round 51 g_loss 2.6845 mean_reward 0.4704 d_loss nan (375.5s elapsed)
adv round 52 g_loss 2.6682 mean_reward 0.4717 d_loss nan (380.9s elapsed)
adv round 53 g_loss 2.6563 mean_reward 0.4756 d_loss nan (386.4s elapsed)
adv round 54 g_loss 2.5975 mean_reward 0.4772 d_loss nan (391.8s elapsed)
adv round 55 g_loss 3.5135 mean_reward 0.4797 d_loss 0.6737 (399.2s elapsed)
adv round 56 g_loss 3.0848 mean_reward 0.4858 d_loss nan (404.7s elapsed)
adv round 57 g_loss 2.8933 mean_reward 0.4854 d_loss nan (410.1s elapsed)
adv round 58 g_loss 2.8886 mean_reward 0.4814 d_loss nan (415.7s elapsed)
adv round 59 g_loss 2.8117 mean_reward 0.4841 d_loss nan (421.1s elapsed)
adv round 60 g_loss 2.8544 mean_reward 0.4831 d_loss 0.6698 (428.5s elapsed)
adv round 61 g_loss 2.6510 mean_reward 0.4682 d_loss nan (433.9s elapsed)
adv round 62 g_loss 3.1095 mean_reward 0.4610 d_loss nan (439.4s elapsed)
adv round 63 g_loss 3.0540 mean_reward 0.4604 d_loss nan (444.8s elapsed)
adv round 64 g_loss 3.2731 mean_reward 0.4657 d_loss nan (450.3s elapsed)
adv round 65 g_loss 3.0578 mean_reward 0.4613 d_loss 0.6735 (457.6s elapsed)
adv round 66 g_loss 3.1785 mean_reward 0.4816 d_loss nan (463.1s elapsed)
adv round 67 g_loss 2.9835 mean_reward 0.5027 d_loss nan (468.5s elapsed)
adv round 68 g_loss 3.0952 mean_reward 0.4997 d_loss nan (473.9s elapsed)
adv round 69 g_loss 3.6139 mean_reward 0.4923 d_loss nan (479.3s elapsed)
adv round 70 g_loss 2.9810 mean_reward 0.4924 d_loss 0.6745 (486.6s elapsed)
adv round 71 g_loss 2.7772 mean_reward 0.4927 d_loss nan (492.0s elapsed)
adv round 72 g_loss 2.7274 mean_reward 0.4829 d_loss nan (497.5s elapsed)
adv round 73 g_loss 3.0677 mean_reward 0.4927 d_loss nan (502.9s elapsed)
adv round 74 g_loss 3.0282 mean_reward 0.4984 d_loss nan (508.3s elapsed)
adv round 75 g_loss 3.0226 mean_reward 0.4885 d_loss 0.6729 (515.6s elapsed)
adv round 76 g_loss 2.8621 mean_reward 0.4749 d_loss nan (521.1s elapsed)
adv round 77 g_loss 2.9031 mean_reward 0.4873 d_loss nan (526.5s elapsed)
adv round 78 g_loss 3.0618 mean_reward 0.4851 d_loss nan (531.9s elapsed)
adv round 79 g_loss 3.3821 mean_reward 0.4853 d_loss nan (537.2s elapsed)
adv round 80 g_loss 3.0104 mean_reward 0.4849 d_loss 0.6731 (544.6s elapsed)
adv round 81 g_loss 2.8867 mean_reward 0.4952 d_loss nan (550.0s elapsed)
adv round 82 g_loss 3.2091 mean_reward 0.4922 d_loss nan (555.4s elapsed)
adv round 83 g_loss 3.5132 mean_reward 0.5001 d_loss nan (560.8s elapsed)
adv round 84 g_loss 2.4174 mean_reward 0.5053 d_loss nan (566.2s elapsed)
adv round 85 g_loss 3.6836 mean_reward 0.4961 d_loss 0.6736 (573.6s elapsed)
adv round 86 g_loss 2.5697 mean_reward 0.4613 d_loss nan (578.9s elapsed)
adv round 87 g_loss 2.9594 mean_reward 0.4537 d_loss nan (584.4s elapsed)
adv round 88 g_loss 2.7257 mean_reward 0.4494 d_loss nan (589.8s elapsed)
adv round 89 g_loss 2.4052 mean_reward 0.4686 d_loss nan (595.2s elapsed)
adv round 90 g_loss 2.8359 mean_reward 0.4717 d_loss 0.6711 (602.5s elapsed)
adv round 91 g_loss 3.0197 mean_reward 0.4691 d_loss nan (607.9s elapsed)
adv round 92 g_loss 2.8372 mean_reward 0.4699 d_loss nan (613.3s elapsed)
adv round 93 g_loss 2.6929 mean_reward 0.4814 d_loss nan (618.8s elapsed)
adv round 94 g_loss 3.1601 mean_reward 0.4757 d_loss nan (624.3s elapsed)
adv round 95 g_loss 3.0373 mean_reward 0.4750 d_loss 0.6708 (631.7s elapsed)
adv round 96 g_loss 2.6012 mean_reward 0.4541 d_loss nan (637.3s elapsed)
adv round 97 g_loss 2.7179 mean_reward 0.4443 d_loss nan (642.9s elapsed)
adv round 98 g_loss 2.3309 mean_reward 0.4543 d_loss nan (648.4s elapsed)
adv round 99 g_loss 2.8403 mean_reward 0.4457 d_loss nan (653.9s elapsed)
Saved checkpoints to /workspace/project/SeqGAN/shanghai/save
